1. Сборка программ.

$ make
g++ -Wall -Wextra -Werror -pedantic -std=gnu++0x -c w.cpp
g++ w.o -o w
g++ -Wall -Wextra -Werror -pedantic -std=gnu++0x -c r.cpp
g++ r.o -o r


2. Запуск программ w и r без аргументов командной строки.

$ ./w
Usage: ./w <file> [<string> ...]

$ ./r
Usage: ./r <file>


3. Запуск программ w и r с некорректными аргументами командной строки.

$ ./w / a ab abc
Can't open `/`.

$ ./r /
Can't read a string length.


4. Запись и чтение строк из бинарного файла с помощью программ w и r.

4.1. Запись с помощью программы w в бинарный файл a.dat строк a, ab, abc.

$ ./w a.dat a ab abc

4.2. Проверка содержимого файла a.dat с помощью утилиты od.

$ od -c a.dat 
0000000 002  \0  \0  \0   a  \0 003  \0  \0  \0   a   b  \0 004  \0  \0
0000020  \0   a   b   c  \0

4.3. Печать содержимого файла a.dat с помощью программы r.

$ ./r a.dat
2     a
3     ab
4     abc


5. Попытка чтения с помощью программы r из некорректного файла.

5.1. Определение текущего размера файла a.dat.

$ ls -l a.dat
-rw------- 1 ivanov ivanov 21 мар 18 16:11 a.dat

5.2. Уменьшение размера файла a.dat на один байт.

$ truncate -s 20 a.dat

5.3. Попытка чтения из файла a.dat.

$ ./r a.dat
2     a
3     ab
Can't read string bytes.

$ echo $?
255
