1. Компиляция.

$ gcc -Wall -Wextra -Werror -std=c99 -pedantic main.c minimum.c test.c -o prog -lm


2. Запуск программы без аргументов командной строки.

$ ./prog 
Usage: ./prog fn a b eps N [trace]                   
                                                 
fn:                                              
1  -    x (x - 2)                                
2  -    |x (x - 2)|                              
3  -    g(x (x - 2))                             
4  -    |x^3|                                    
5  -    x (x - 2) (x - 3)                        
6  -    |x (x - 2) (x - 3)|                      
7  -    g(x (x - 2) (x - 3))                     
8  -    |sin(x^2)|                               
9  -    g(sin(x^2))                              
10 -    |e^{0.1 x} sin(x)|                       
11 -    g(e^{0.1 x} sin(x))                      
12 -    -5 x^5 + 4 x^4 -12 x^3 + 11 x^2 - 2 x + 1
13 -    -ln^2 (x - 2) + ln^2 (10 - x) - x^0.2    
14 -    -3 x sin(0.75 x) + e^{-2 x}              
15 -    e^{3 x} + 5 e^{-2 x}                     
16 -    0.2 x ln(x) + (x - 2.3)^2 


3. Запуск программы с некорректными входными аргументами.

$ ./prog 10 2.o 4.5 1e-12 100 trace
Can't read parametr a

$ echo $?
255


4. Вычисление числа Пи с точностью 10^-12 (без печати отладочной информации).

$ ./prog 10 2.0 4.5 1e-12 100
status                   : 0   
xmin                     : 3.141592653589542e+00
f(xmin)                  : 3.442990565847946e-13
n                        : 42   
tn                       : 42 
pn                       : 0   
gn                       : 0   
|xmin - sqrt(Pi)|        : 1.369138802684026e+00
|xmin - sqrt(2Pi)|       : 6.349643789585415e-01
|xmin - Pi|              : 2.513544927751354e-13
|xmin - 2Pi|             : 3.141592653590044e+00
|xmin - (5 + sqrt(7))/3| : 5.930088832346780e-01

$ echo $?
0


5. Вычисление числа Пи с точностью 10^-12 (с печатью отладочной информации).

$ ./prog 10 2.0 4.5 1e-12 100 trace
  n |          xm           |          dx           |          df           
----------------------------------------------------------------------------  
  0 | 3.250000000000000e+00 | 2.500000000000000e+00 | 4.224540101049774e-01
  1 | 2.625000000000250e+00 | 1.250000000000500e+00 | 9.608730031764572e-01
  2 | 2.937500000000125e+00 | 6.250000000007501e-01 | 4.924381674674831e-01
  3 | 3.093750000000063e+00 | 3.125000000008749e-01 | 1.221376946649176e-01
  4 | 3.171875000000031e+00 | 1.562500000009375e-01 | 8.458112836783975e-02
  5 | 3.132812500000047e+00 | 7.812500000096856e-02 | 2.358507301238526e-02
  6 | 3.152343750000039e+00 | 3.906250000098410e-02 | 2.956890833383852e-02
  7 | 3.142578125000043e+00 | 1.953125000099210e-02 | 2.724687042257019e-03
  8 | 3.137695312500045e+00 | 9.765625000996092e-03 | 1.066092290654322e-02
  9 | 3.140136718750044e+00 | 4.882812500997868e-03 | 3.984437983682114e-03
 10 | 3.141357421875044e+00 | 2.441406250998757e-03 | 6.436914884338501e-04
 11 | 3.141967773437544e+00 | 1.220703125999645e-03 | 1.027299325219478e-03
 12 | 3.141662597656294e+00 | 6.103515635000889e-04 | 1.915487623082229e-04
 13 | 3.141510009765669e+00 | 3.051757822500889e-04 | 2.262883551948172e-04
 14 | 3.141586303710981e+00 | 1.525878916250889e-04 | 1.738573190748286e-05
 15 | 3.141624450683637e+00 | 7.629394631258890e-05 | 8.706797176613746e-05
 16 | 3.141605377197309e+00 | 3.814697365633890e-05 | 3.484012377848887e-05
 17 | 3.141595840454145e+00 | 1.907348732821390e-05 | 8.726349180564931e-06
 18 | 3.141591072082563e+00 | 9.536744164151401e-06 | 4.330500765390300e-06
 19 | 3.141593456268354e+00 | 4.768372582120151e-06 | 2.197908642801299e-06
 20 | 3.141592264175459e+00 | 2.384186791104526e-06 | 1.066299952554325e-06
 21 | 3.141592860221906e+00 | 1.192093895596713e-06 | 5.658033723162423e-07
 22 | 3.141592562198682e+00 | 5.960474478428068e-07 | 2.502485333219182e-07
 23 | 3.141592711210294e+00 | 2.980242239658537e-07 | 1.577773586965250e-07
 24 | 3.141592636704488e+00 | 1.490126120273771e-07 | 4.623560251289171e-08
 25 | 3.141592673957391e+00 | 7.450680605813886e-08 | 5.577087429175957e-08
 26 | 3.141592655330940e+00 | 3.725390307351972e-08 | 4.767634939414340e-09
 27 | 3.141592646017714e+00 | 1.862745158121015e-08 | 2.073398459425690e-08
 28 | 3.141592650674327e+00 | 9.314225835055367e-09 | 7.983174886799416e-09
 29 | 3.141592653002633e+00 | 4.657612961977975e-09 | 1.607770024164335e-09
 30 | 3.141592654166787e+00 | 2.329306525439279e-09 | 1.579932409379789e-09
 31 | 3.141592653584710e+00 | 1.165153307169930e-09 | 1.391880832033518e-11
 32 | 3.141592653875748e+00 | 5.830766980352564e-10 | 7.830068002976317e-10
 33 | 3.141592653730229e+00 | 2.920383934679194e-10 | 3.845439959305845e-10
 34 | 3.141592653657470e+00 | 1.465192411842509e-10 | 1.853125937557586e-10
 35 | 3.141592653621090e+00 | 7.375966504241660e-11 | 8.569689267051993e-11
 36 | 3.141592653602900e+00 | 3.737987697149947e-11 | 3.588904212844424e-11
 37 | 3.141592653593805e+00 | 1.918998293604091e-11 | 1.098511685754230e-11
 38 | 3.141592653589258e+00 | 1.009503591831162e-11 | 1.466845777874706e-12
 39 | 3.141592653591531e+00 | 5.547562409446982e-12 | 4.759135539818393e-12
 40 | 3.141592653590394e+00 | 3.273825655014662e-12 | 1.646144880967683e-12
 41 | 3.141592653589826e+00 | 2.136957277798501e-12 | 8.964955154285852e-14
 42 | 3.141592653589542e+00 | 1.568523089190421e-12 | 6.885981131694211e-13
status                   : 0   
xmin                     : 3.141592653589542e+00
f(xmin)                  : 3.442990565847946e-13
n                        : 42   
tn                       : 42 
pn                       : 0   
gn                       : 0   
|xmin - sqrt(Pi)|        : 1.369138802684026e+00
|xmin - sqrt(2Pi)|       : 6.349643789585415e-01
|xmin - Pi|              : 2.513544927751354e-13
|xmin - 2Pi|             : 3.141592653590044e+00
|xmin - (5 + sqrt(7))/3| : 5.930088832346780e-01

$ echo $?
0
